#
# There is insufficient memory for the Java Runtime Environment to continue.
# Native memory allocation (malloc) failed to allocate 32744 bytes. Error detail: Chunk::new
# Possible reasons:
#   The system is out of physical RAM or swap space
#   This process is running with CompressedOops enabled, and the Java Heap may be blocking the growth of the native heap
# Possible solutions:
#   Reduce memory load on the system
#   Increase physical memory or swap space
#   Check if swap backing store is full
#   Decrease Java heap size (-Xmx/-Xms)
#   Decrease number of Java threads
#   Decrease Java thread stack sizes (-Xss)
#   Set larger code cache with -XX:ReservedCodeCacheSize=
#   JVM is running with Unscaled Compressed Oops mode in which the Java heap is
#     placed in the first 4GB address space. The Java Heap base address is the
#     maximum limit for the native heap growth. Please use -XX:HeapBaseMinAddress
#     to set the Java Heap base and to place the Java Heap above 4GB virtual address.
# This output file may be truncated or incomplete.
#
#  Out of Memory Error (arena.cpp:150), pid=4356, tid=1588
#
# JRE version: Java(TM) SE Runtime Environment (22.0.1+8) (build 22.0.1+8-16)
# Java VM: Java HotSpot(TM) 64-Bit Server VM (22.0.1+8-16, mixed mode, sharing, tiered, compressed oops, compressed class ptrs, g1 gc, windows-amd64)
# No core dump will be written. Minidumps are not enabled by default on client versions of Windows
#

---------------  S U M M A R Y ------------

Command Line: --enable-native-access=ALL-UNNAMED -Dclassworlds.conf=C:\Users\Hp\.m2\wrapper\dists\apache-maven-3.9.15\0226a00282e400185496f3b60ec5a3f029cbdc6893912937d4876d57695224e1\bin\m2.conf -Dmaven.home=C:\Users\Hp\.m2\wrapper\dists\apache-maven-3.9.15\0226a00282e400185496f3b60ec5a3f029cbdc6893912937d4876d57695224e1 -Dlibrary.jansi.path=C:\Users\Hp\.m2\wrapper\dists\apache-maven-3.9.15\0226a00282e400185496f3b60ec5a3f029cbdc6893912937d4876d57695224e1\lib\jansi-native -Dmaven.multiModuleProjectDirectory=C:\PROJECT\projet-innov\back-office-solimus org.codehaus.plexus.classworlds.launcher.Launcher -q compile

Host: Intel(R) Core(TM) i5-7300U CPU @ 2.60GHz, 4 cores, 7G,  Windows 10 , 64 bit Build 19041 (10.0.19041.7663)
Time: Wed Aug 19 17:13:12 2026 Afr. centrale Ouest elapsed time: 26.853855 seconds (0d 0h 0m 26s)

---------------  T H R E A D  ---------------

Current thread (0x00000198c2754120):  JavaThread "C2 CompilerThread0" daemon [_thread_in_native, id=1588, stack(0x0000001574200000,0x0000001574300000) (1024K)]


Current CompileTask:
C2:26853 4368       4       org.apache.maven.model.interpolation.StringVisitorModelInterpolator$ModelVisitor::visit (231 bytes)

Stack: [0x0000001574200000,0x0000001574300000]
Native frames: (J=compiled Java code, j=interpreted, Vv=VM code, C=native code)
V  [jvm.dll+0x6e2279]  (no source info available)
V  [jvm.dll+0x874e33]  (no source info available)
V  [jvm.dll+0x87725e]  (no source info available)
V  [jvm.dll+0x877933]  (no source info available)
V  [jvm.dll+0x27fd76]  (no source info available)
V  [jvm.dll+0xc3d0f]  (no source info available)
V  [jvm.dll+0xc3f6b]  (no source info available)
V  [jvm.dll+0x3c099d]  (no source info available)
V  [jvm.dll+0x3c01c1]  (no source info available)
V  [jvm.dll+0x3c0204]  (no source info available)
V  [jvm.dll+0x5ed47b]  (no source info available)
V  [jvm.dll+0x5edc35]  (no source info available)
V  [jvm.dll+0x387b9a]  (no source info available)
V  [jvm.dll+0x386fda]  (no source info available)
V  [jvm.dll+0x247918]  (no source info available)
V  [jvm.dll+0x246fbf]  (no source info available)
V  [jvm.dll+0x1c4e90]  (no source info available)
V  [jvm.dll+0x2569fe]  (no source info available)
V  [jvm.dll+0x254cba]  (no source info available)
V  [jvm.dll+0x3f5336]  (no source info available)
V  [jvm.dll+0x81d44b]  (no source info available)
V  [jvm.dll+0x6e0915]  (no source info available)
C  [ucrtbase.dll+0x21bb2]  (no source info available)
C  [KERNEL32.DLL+0x17374]  (no source info available)
C  [ntdll.dll+0x4cc91]  (no source info available)


---------------  P R O C E S S  ---------------

Threads class SMR info:
_java_thread_list=0x000001990869a990, length=11, elements={
0x00000198a45b2150, 0x00000198c274a760, 0x00000198c274d740, 0x00000198c2751470,
0x00000198c2751ed0, 0x00000198c2752930, 0x00000198c2753390, 0x00000198c2754120,
0x00000198c2772630, 0x00000198c2972690, 0x00000198c297b540
}

Java Threads: ( => current thread )
  0x00000198a45b2150 JavaThread "main"                              [_thread_blocked, id=22568, stack(0x0000001573400000,0x0000001573500000) (1024K)]
  0x00000198c274a760 JavaThread "Reference Handler"          daemon [_thread_blocked, id=24680, stack(0x0000001573c00000,0x0000001573d00000) (1024K)]
  0x00000198c274d740 JavaThread "Finalizer"                  daemon [_thread_blocked, id=24712, stack(0x0000001573d00000,0x0000001573e00000) (1024K)]
  0x00000198c2751470 JavaThread "Signal Dispatcher"          daemon [_thread_blocked, id=4612, stack(0x0000001573e00000,0x0000001573f00000) (1024K)]
  0x00000198c2751ed0 JavaThread "Attach Listener"            daemon [_thread_blocked, id=10232, stack(0x0000001573f00000,0x0000001574000000) (1024K)]
  0x00000198c2752930 JavaThread "Service Thread"             daemon [_thread_blocked, id=15784, stack(0x0000001574000000,0x0000001574100000) (1024K)]
  0x00000198c2753390 JavaThread "Monitor Deflation Thread"   daemon [_thread_blocked, id=10000, stack(0x0000001574100000,0x0000001574200000) (1024K)]
=>0x00000198c2754120 JavaThread "C2 CompilerThread0"         daemon [_thread_in_native, id=1588, stack(0x0000001574200000,0x0000001574300000) (1024K)]
  0x00000198c2772630 JavaThread "C1 CompilerThread0"         daemon [_thread_in_vm, id=24820, stack(0x0000001574300000,0x0000001574400000) (1024K)]
  0x00000198c2972690 JavaThread "Notification Thread"        daemon [_thread_blocked, id=16688, stack(0x0000001574400000,0x0000001574500000) (1024K)]
  0x00000198c297b540 JavaThread "Common-Cleaner"             daemon [_thread_blocked, id=6668, stack(0x0000001574500000,0x0000001574600000) (1024K)]
Total: 11

Other Threads:
  0x00000198c272f070 VMThread "VM Thread"                           [id=21864, stack(0x0000001573b00000,0x0000001573c00000) (1024K)] _threads_hazard_ptr=0x000001990869a990
  0x00000198c2714190 WatcherThread "VM Periodic Task Thread"        [id=5972, stack(0x0000001573a00000,0x0000001573b00000) (1024K)]
  0x00000198a67ea950 WorkerThread "GC Thread#0"                     [id=2228, stack(0x0000001573500000,0x0000001573600000) (1024K)]
  0x0000019908667560 WorkerThread "GC Thread#1"                     [id=17052, stack(0x0000001574700000,0x0000001574800000) (1024K)]
  0x0000019908667910 WorkerThread "GC Thread#2"                     [id=26272, stack(0x0000001574800000,0x0000001574900000) (1024K)]
  0x0000019908422ca0 WorkerThread "GC Thread#3"                     [id=21812, stack(0x0000001574900000,0x0000001574a00000) (1024K)]
  0x00000198a67fe0c0 ConcurrentGCThread "G1 Main Marker"            [id=26372, stack(0x0000001573600000,0x0000001573700000) (1024K)]
  0x00000198a67fec90 WorkerThread "G1 Conc#0"                       [id=23644, stack(0x0000001573700000,0x0000001573800000) (1024K)]
  0x00000198c25d84f0 ConcurrentGCThread "G1 Refine#0"               [id=7132, stack(0x0000001573800000,0x0000001573900000) (1024K)]
  0x00000198c25d8f80 ConcurrentGCThread "G1 Service"                [id=18204, stack(0x0000001573900000,0x0000001573a00000) (1024K)]
Total: 10

Threads with active compile tasks:
C2 CompilerThread0  27061 4368       4       org.apache.maven.model.interpolation.StringVisitorModelInterpolator$ModelVisitor::visit (231 bytes)
C1 CompilerThread0  27061 4373       3       java.lang.ThreadLocal$ThreadLocalMap$Entry::<init> (11 bytes)
Total: 2

VM state: synchronizing (normal execution)

VM Mutex/Monitor currently owned by a thread:  ([mutex/lock_event])
[0x00007ffebdeebbb8] Threads_lock - owner thread: 0x00000198c272f070

Heap address: 0x0000000081e00000, size: 2018 MB, Compressed Oops mode: 32-bit

CDS archive(s) mapped at: [0x00000198c3000000-0x00000198c3c60000-0x00000198c3c60000), size 12976128, SharedBaseAddress: 0x00000198c3000000, ArchiveRelocationMode: 1.
Compressed class space mapped at: 0x00000198c4000000-0x0000019904000000, reserved size: 1073741824
Narrow klass base: 0x00000198c3000000, Narrow klass shift: 0, Narrow klass range: 0x41000000

GC Precious Log:
 CardTable entry size: 512
 Card Set container configuration: InlinePtr #cards 5 size 8 Array Of Cards #cards 12 size 40 Howl #buckets 4 coarsen threshold 1843 Howl Bitmap #cards 512 size 80 coarsen threshold 460 Card regions per heap region 1 cards per card region 2048
 CPUs: 4 total, 4 available
 Memory: 8067M
 Large Page Support: Disabled
 NUMA Support: Disabled
 Compressed Oops: Enabled (32-bit)
 Heap Region Size: 1M
 Heap Min Capacity: 8M
 Heap Initial Capacity: 128M
 Heap Max Capacity: 2018M
 Pre-touch: Disabled
 Parallel Workers: 4
 Concurrent Workers: 1
 Concurrent Refinement Workers: 4
 Periodic GC: Disabled

Heap:
 garbage-first heap   total reserved 2066432K, committed 131072K, used 64718K [0x0000000081e00000, 0x0000000100000000)
  region size 1024K, 61 young (62464K), 9 survivors (9216K)
 Metaspace       used 15677K, committed 15936K, reserved 1114112K
  class space    used 1846K, committed 1984K, reserved 1048576K

Heap Regions: E=young(eden), S=young(survivor), O=old, HS=humongous(starts), HC=humongous(continues), CS=collection set, F=free, TAMS=top-at-mark-start, PB=parsable bottom
|   0|0x0000000081e00000, 0x0000000081f00000, 0x0000000081f00000|100%| O|  |TAMS 0x0000000081e00000| PB 0x0000000081e00000| Untracked |  0
|   1|0x0000000081f00000, 0x0000000082000000, 0x0000000082000000|100%| O|  |TAMS 0x0000000081f00000| PB 0x0000000081f00000| Untracked |  0
|   2|0x0000000082000000, 0x0000000082100000, 0x0000000082100000|100%| O|  |TAMS 0x0000000082000000| PB 0x0000000082000000| Untracked |  0
|   3|0x0000000082100000, 0x00000000821771f0, 0x0000000082200000| 46%| O|  |TAMS 0x0000000082100000| PB 0x0000000082100000| Untracked |  0
|   4|0x0000000082200000, 0x0000000082200000, 0x0000000082300000|  0%| F|  |TAMS 0x0000000082200000| PB 0x0000000082200000| Untracked |  0
|   5|0x0000000082300000, 0x0000000082300000, 0x0000000082400000|  0%| F|  |TAMS 0x0000000082300000| PB 0x0000000082300000| Untracked |  0
|   6|0x0000000082400000, 0x0000000082400000, 0x0000000082500000|  0%| F|  |TAMS 0x0000000082400000| PB 0x0000000082400000| Untracked |  0
|   7|0x0000000082500000, 0x0000000082500000, 0x0000000082600000|  0%| F|  |TAMS 0x0000000082500000| PB 0x0000000082500000| Untracked |  0
|   8|0x0000000082600000, 0x0000000082600000, 0x0000000082700000|  0%| F|  |TAMS 0x0000000082600000| PB 0x0000000082600000| Untracked |  0
|   9|0x0000000082700000, 0x0000000082700000, 0x0000000082800000|  0%| F|  |TAMS 0x0000000082700000| PB 0x0000000082700000| Untracked |  0
|  10|0x0000000082800000, 0x0000000082800000, 0x0000000082900000|  0%| F|  |TAMS 0x0000000082800000| PB 0x0000000082800000| Untracked |  0
|  11|0x0000000082900000, 0x0000000082900000, 0x0000000082a00000|  0%| F|  |TAMS 0x0000000082900000| PB 0x0000000082900000| Untracked |  0
|  12|0x0000000082a00000, 0x0000000082a00000, 0x0000000082b00000|  0%| F|  |TAMS 0x0000000082a00000| PB 0x0000000082a00000| Untracked |  0
|  13|0x0000000082b00000, 0x0000000082b00000, 0x0000000082c00000|  0%| F|  |TAMS 0x0000000082b00000| PB 0x0000000082b00000| Untracked |  0
|  14|0x0000000082c00000, 0x0000000082c00000, 0x0000000082d00000|  0%| F|  |TAMS 0x0000000082c00000| PB 0x0000000082c00000| Untracked |  0
|  15|0x0000000082d00000, 0x0000000082d00000, 0x0000000082e00000|  0%| F|  |TAMS 0x0000000082d00000| PB 0x0000000082d00000| Untracked |  0
|  16|0x0000000082e00000, 0x0000000082e00000, 0x0000000082f00000|  0%| F|  |TAMS 0x0000000082e00000| PB 0x0000000082e00000| Untracked |  0
|  17|0x0000000082f00000, 0x0000000082f00000, 0x0000000083000000|  0%| F|  |TAMS 0x0000000082f00000| PB 0x0000000082f00000| Untracked |  0
|  18|0x0000000083000000, 0x0000000083000000, 0x0000000083100000|  0%| F|  |TAMS 0x0000000083000000| PB 0x0000000083000000| Untracked |  0
|  19|0x0000000083100000, 0x0000000083100000, 0x0000000083200000|  0%| F|  |TAMS 0x0000000083100000| PB 0x0000000083100000| Untracked |  0
|  20|0x0000000083200000, 0x0000000083200000, 0x0000000083300000|  0%| F|  |TAMS 0x0000000083200000| PB 0x0000000083200000| Untracked |  0
|  21|0x0000000083300000, 0x0000000083300000, 0x0000000083400000|  0%| F|  |TAMS 0x0000000083300000| PB 0x0000000083300000| Untracked |  0
|  22|0x0000000083400000, 0x0000000083400000, 0x0000000083500000|  0%| F|  |TAMS 0x0000000083400000| PB 0x0000000083400000| Untracked |  0
|  23|0x0000000083500000, 0x0000000083500000, 0x0000000083600000|  0%| F|  |TAMS 0x0000000083500000| PB 0x0000000083500000| Untracked |  0
|  24|0x0000000083600000, 0x0000000083600000, 0x0000000083700000|  0%| F|  |TAMS 0x0000000083600000| PB 0x0000000083600000| Untracked |  0
|  25|0x0000000083700000, 0x0000000083700000, 0x0000000083800000|  0%| F|  |TAMS 0x0000000083700000| PB 0x0000000083700000| Untracked |  0
|  26|0x0000000083800000, 0x0000000083800000, 0x0000000083900000|  0%| F|  |TAMS 0x0000000083800000| PB 0x0000000083800000| Untracked |  0
|  27|0x0000000083900000, 0x0000000083900000, 0x0000000083a00000|  0%| F|  |TAMS 0x0000000083900000| PB 0x0000000083900000| Untracked |  0
|  28|0x0000000083a00000, 0x0000000083a00000, 0x0000000083b00000|  0%| F|  |TAMS 0x0000000083a00000| PB 0x0000000083a00000| Untracked |  0
|  29|0x0000000083b00000, 0x0000000083b00000, 0x0000000083c00000|  0%| F|  |TAMS 0x0000000083b00000| PB 0x0000000083b00000| Untracked |  0
|  30|0x0000000083c00000, 0x0000000083c00000, 0x0000000083d00000|  0%| F|  |TAMS 0x0000000083c00000| PB 0x0000000083c00000| Untracked |  0
|  31|0x0000000083d00000, 0x0000000083d00000, 0x0000000083e00000|  0%| F|  |TAMS 0x0000000083d00000| PB 0x0000000083d00000| Untracked |  0
|  32|0x0000000083e00000, 0x0000000083e00000, 0x0000000083f00000|  0%| F|  |TAMS 0x0000000083e00000| PB 0x0000000083e00000| Untracked |  0
|  33|0x0000000083f00000, 0x0000000083f00000, 0x0000000084000000|  0%| F|  |TAMS 0x0000000083f00000| PB 0x0000000083f00000| Untracked |  0
|  34|0x0000000084000000, 0x0000000084000000, 0x0000000084100000|  0%| F|  |TAMS 0x0000000084000000| PB 0x0000000084000000| Untracked |  0
|  35|0x0000000084100000, 0x0000000084100000, 0x0000000084200000|  0%| F|  |TAMS 0x0000000084100000| PB 0x0000000084100000| Untracked |  0
|  36|0x0000000084200000, 0x0000000084200000, 0x0000000084300000|  0%| F|  |TAMS 0x0000000084200000| PB 0x0000000084200000| Untracked |  0
|  37|0x0000000084300000, 0x0000000084300000, 0x0000000084400000|  0%| F|  |TAMS 0x0000000084300000| PB 0x0000000084300000| Untracked |  0
|  38|0x0000000084400000, 0x0000000084400000, 0x0000000084500000|  0%| F|  |TAMS 0x0000000084400000| PB 0x0000000084400000| Untracked |  0
|  39|0x0000000084500000, 0x0000000084500000, 0x0000000084600000|  0%| F|  |TAMS 0x0000000084500000| PB 0x0000000084500000| Untracked |  0
|  40|0x0000000084600000, 0x0000000084600000, 0x0000000084700000|  0%| F|  |TAMS 0x0000000084600000| PB 0x0000000084600000| Untracked |  0
|  41|0x0000000084700000, 0x0000000084700000, 0x0000000084800000|  0%| F|  |TAMS 0x0000000084700000| PB 0x0000000084700000| Untracked |  0
|  42|0x0000000084800000, 0x0000000084800000, 0x0000000084900000|  0%| F|  |TAMS 0x0000000084800000| PB 0x0000000084800000| Untracked |  0
|  43|0x0000000084900000, 0x00000000849bc8e0, 0x0000000084a00000| 73%| S|CS|TAMS 0x0000000084900000| PB 0x0000000084900000| Complete |  0
|  44|0x0000000084a00000, 0x0000000084b00000, 0x0000000084b00000|100%| S|CS|TAMS 0x0000000084a00000| PB 0x0000000084a00000| Complete |  0
|  45|0x0000000084b00000, 0x0000000084c00000, 0x0000000084c00000|100%| S|CS|TAMS 0x0000000084b00000| PB 0x0000000084b00000| Complete |  0
|  46|0x0000000084c00000, 0x0000000084d00000, 0x0000000084d00000|100%| S|CS|TAMS 0x0000000084c00000| PB 0x0000000084c00000| Complete |  0
|  47|0x0000000084d00000, 0x0000000084e00000, 0x0000000084e00000|100%| S|CS|TAMS 0x0000000084d00000| PB 0x0000000084d00000| Complete |  0
|  48|0x0000000084e00000, 0x0000000084f00000, 0x0000000084f00000|100%| S|CS|TAMS 0x0000000084e00000| PB 0x0000000084e00000| Complete |  0
|  49|0x0000000084f00000, 0x0000000085000000, 0x0000000085000000|100%| S|CS|TAMS 0x0000000084f00000| PB 0x0000000084f00000| Complete |  0
|  50|0x0000000085000000, 0x0000000085100000, 0x0000000085100000|100%| S|CS|TAMS 0x0000000085000000| PB 0x0000000085000000| Complete |  0
|  51|0x0000000085100000, 0x0000000085200000, 0x0000000085200000|100%| S|CS|TAMS 0x0000000085100000| PB 0x0000000085100000| Complete |  0
|  52|0x0000000085200000, 0x0000000085200000, 0x0000000085300000|  0%| F|  |TAMS 0x0000000085200000| PB 0x0000000085200000| Untracked |  0
|  53|0x0000000085300000, 0x0000000085300000, 0x0000000085400000|  0%| F|  |TAMS 0x0000000085300000| PB 0x0000000085300000| Untracked |  0
|  54|0x0000000085400000, 0x0000000085400000, 0x0000000085500000|  0%| F|  |TAMS 0x0000000085400000| PB 0x0000000085400000| Untracked |  0
|  55|0x0000000085500000, 0x0000000085500000, 0x0000000085600000|  0%| F|  |TAMS 0x0000000085500000| PB 0x0000000085500000| Untracked |  0
|  56|0x0000000085600000, 0x0000000085600000, 0x0000000085700000|  0%| F|  |TAMS 0x0000000085600000| PB 0x0000000085600000| Untracked |  0
|  57|0x0000000085700000, 0x0000000085700000, 0x0000000085800000|  0%| F|  |TAMS 0x0000000085700000| PB 0x0000000085700000| Untracked |  0
|  58|0x0000000085800000, 0x0000000085800000, 0x0000000085900000|  0%| F|  |TAMS 0x0000000085800000| PB 0x0000000085800000| Untracked |  0
|  59|0x0000000085900000, 0x0000000085900000, 0x0000000085a00000|  0%| F|  |TAMS 0x0000000085900000| PB 0x0000000085900000| Untracked |  0
|  60|0x0000000085a00000, 0x0000000085a00000, 0x0000000085b00000|  0%| F|  |TAMS 0x0000000085a00000| PB 0x0000000085a00000| Untracked |  0
|  61|0x0000000085b00000, 0x0000000085b00000, 0x0000000085c00000|  0%| F|  |TAMS 0x0000000085b00000| PB 0x0000000085b00000| Untracked |  0
|  62|0x0000000085c00000, 0x0000000085c00000, 0x0000000085d00000|  0%| F|  |TAMS 0x0000000085c00000| PB 0x0000000085c00000| Untracked |  0
|  63|0x0000000085d00000, 0x0000000085d00000, 0x0000000085e00000|  0%| F|  |TAMS 0x0000000085d00000| PB 0x0000000085d00000| Untracked |  0
|  64|0x0000000085e00000, 0x0000000085e00000, 0x0000000085f00000|  0%| F|  |TAMS 0x0000000085e00000| PB 0x0000000085e00000| Untracked |  0
|  65|0x0000000085f00000, 0x0000000085f00000, 0x0000000086000000|  0%| F|  |TAMS 0x0000000085f00000| PB 0x0000000085f00000| Untracked |  0
|  66|0x0000000086000000, 0x0000000086000000, 0x0000000086100000|  0%| F|  |TAMS 0x0000000086000000| PB 0x0000000086000000| Untracked |  0
|  67|0x0000000086100000, 0x0000000086100000, 0x0000000086200000|  0%| F|  |TAMS 0x0000000086100000| PB 0x0000000086100000| Untracked |  0
|  68|0x0000000086200000, 0x0000000086200000, 0x0000000086300000|  0%| F|  |TAMS 0x0000000086200000| PB 0x0000000086200000| Untracked |  0
|  69|0x0000000086300000, 0x0000000086300000, 0x0000000086400000|  0%| F|  |TAMS 0x0000000086300000| PB 0x0000000086300000| Untracked |  0
|  70|0x0000000086400000, 0x0000000086400000, 0x0000000086500000|  0%| F|  |TAMS 0x0000000086400000| PB 0x0000000086400000| Untracked |  0
|  71|0x0000000086500000, 0x0000000086500000, 0x0000000086600000|  0%| F|  |TAMS 0x0000000086500000| PB 0x0000000086500000| Untracked |  0
|  72|0x0000000086600000, 0x0000000086600000, 0x0000000086700000|  0%| F|  |TAMS 0x0000000086600000| PB 0x0000000086600000| Untracked |  0
|  73|0x0000000086700000, 0x0000000086700000, 0x0000000086800000|  0%| F|  |TAMS 0x0000000086700000| PB 0x0000000086700000| Untracked |  0
|  74|0x0000000086800000, 0x0000000086800000, 0x0000000086900000|  0%| F|  |TAMS 0x0000000086800000| PB 0x0000000086800000| Untracked |  0
|  75|0x0000000086900000, 0x0000000086900000, 0x0000000086a00000|  0%| F|  |TAMS 0x0000000086900000| PB 0x0000000086900000| Untracked |  0
|  76|0x0000000086a00000, 0x0000000086a80000, 0x0000000086b00000| 50%| E|  |TAMS 0x0000000086a00000| PB 0x0000000086a00000| Complete |  0
|  77|0x0000000086b00000, 0x0000000086c00000, 0x0000000086c00000|100%| E|CS|TAMS 0x0000000086b00000| PB 0x0000000086b00000| Complete |  0
|  78|0x0000000086c00000, 0x0000000086d00000, 0x0000000086d00000|100%| E|CS|TAMS 0x0000000086c00000| PB 0x0000000086c00000| Complete |  0
|  79|0x0000000086d00000, 0x0000000086e00000, 0x0000000086e00000|100%| E|CS|TAMS 0x0000000086d00000| PB 0x0000000086d00000| Complete |  0
|  80|0x0000000086e00000, 0x0000000086f00000, 0x0000000086f00000|100%| E|CS|TAMS 0x0000000086e00000| PB 0x0000000086e00000| Complete |  0
|  81|0x0000000086f00000, 0x0000000087000000, 0x0000000087000000|100%| E|CS|TAMS 0x0000000086f00000| PB 0x0000000086f00000| Complete |  0
|  82|0x0000000087000000, 0x0000000087100000, 0x0000000087100000|100%| E|CS|TAMS 0x0000000087000000| PB 0x0000000087000000| Complete |  0
|  83|0x0000000087100000, 0x0000000087200000, 0x0000000087200000|100%| E|CS|TAMS 0x0000000087100000| PB 0x0000000087100000| Complete |  0
|  84|0x0000000087200000, 0x0000000087300000, 0x0000000087300000|100%| E|CS|TAMS 0x0000000087200000| PB 0x0000000087200000| Complete |  0
|  85|0x0000000087300000, 0x0000000087400000, 0x0000000087400000|100%| E|CS|TAMS 0x0000000087300000| PB 0x0000000087300000| Complete |  0
|  86|0x0000000087400000, 0x0000000087500000, 0x0000000087500000|100%| E|CS|TAMS 0x0000000087400000| PB 0x0000000087400000| Complete |  0
|  87|0x0000000087500000, 0x0000000087600000, 0x0000000087600000|100%| E|CS|TAMS 0x0000000087500000| PB 0x0000000087500000| Complete |  0
|  88|0x0000000087600000, 0x0000000087700000, 0x0000000087700000|100%| E|CS|TAMS 0x0000000087600000| PB 0x0000000087600000| Complete |  0
|  89|0x0000000087700000, 0x0000000087800000, 0x0000000087800000|100%| E|CS|TAMS 0x0000000087700000| PB 0x0000000087700000| Complete |  0
|  90|0x0000000087800000, 0x0000000087900000, 0x0000000087900000|100%| E|CS|TAMS 0x0000000087800000| PB 0x0000000087800000| Complete |  0
|  91|0x0000000087900000, 0x0000000087a00000, 0x0000000087a00000|100%| E|CS|TAMS 0x0000000087900000| PB 0x0000000087900000| Complete |  0
|  92|0x0000000087a00000, 0x0000000087b00000, 0x0000000087b00000|100%| E|CS|TAMS 0x0000000087a00000| PB 0x0000000087a00000| Complete |  0
|  93|0x0000000087b00000, 0x0000000087c00000, 0x0000000087c00000|100%| E|CS|TAMS 0x0000000087b00000| PB 0x0000000087b00000| Complete |  0
|  94|0x0000000087c00000, 0x0000000087d00000, 0x0000000087d00000|100%| E|CS|TAMS 0x0000000087c00000| PB 0x0000000087c00000| Complete |  0
|  95|0x0000000087d00000, 0x0000000087e00000, 0x0000000087e00000|100%| E|CS|TAMS 0x0000000087d00000| PB 0x0000000087d00000| Complete |  0
|  96|0x0000000087e00000, 0x0000000087f00000, 0x0000000087f00000|100%| E|CS|TAMS 0x0000000087e00000| PB 0x0000000087e00000| Complete |  0
|  97|0x0000000087f00000, 0x0000000088000000, 0x0000000088000000|100%| E|CS|TAMS 0x0000000087f00000| PB 0x0000000087f00000| Complete |  0
|  98|0x0000000088000000, 0x0000000088100000, 0x0000000088100000|100%| E|CS|TAMS 0x0000000088000000| PB 0x0000000088000000| Complete |  0
|  99|0x0000000088100000, 0x0000000088200000, 0x0000000088200000|100%| E|CS|TAMS 0x0000000088100000| PB 0x0000000088100000| Complete |  0
| 100|0x0000000088200000, 0x0000000088300000, 0x0000000088300000|100%| E|CS|TAMS 0x0000000088200000| PB 0x0000000088200000| Complete |  0
| 101|0x0000000088300000, 0x0000000088400000, 0x0000000088400000|100%| E|CS|TAMS 0x0000000088300000| PB 0x0000000088300000| Complete |  0
| 102|0x0000000088400000, 0x0000000088500000, 0x0000000088500000|100%| E|CS|TAMS 0x0000000088400000| PB 0x0000000088400000| Complete |  0
| 103|0x0000000088500000, 0x0000000088600000, 0x0000000088600000|100%| E|CS|TAMS 0x0000000088500000| PB 0x0000000088500000| Complete |  0
| 104|0x0000000088600000, 0x0000000088700000, 0x0000000088700000|100%| E|CS|TAMS 0x0000000088600000| PB 0x0000000088600000| Complete |  0
| 105|0x0000000088700000, 0x0000000088800000, 0x0000000088800000|100%| E|CS|TAMS 0x0000000088700000| PB 0x0000000088700000| Complete |  0
| 106|0x0000000088800000, 0x0000000088900000, 0x0000000088900000|100%| E|CS|TAMS 0x0000000088800000| PB 0x0000000088800000| Complete |  0
| 107|0x0000000088900000, 0x0000000088a00000, 0x0000000088a00000|100%| E|CS|TAMS 0x0000000088900000| PB 0x0000000088900000| Complete |  0
| 108|0x0000000088a00000, 0x0000000088b00000, 0x0000000088b00000|100%| E|CS|TAMS 0x0000000088a00000| PB 0x0000000088a00000| Complete |  0
| 109|0x0000000088b00000, 0x0000000088c00000, 0x0000000088c00000|100%| E|CS|TAMS 0x0000000088b00000| PB 0x0000000088b00000| Complete |  0
| 110|0x0000000088c00000, 0x0000000088d00000, 0x0000000088d00000|100%| E|CS|TAMS 0x0000000088c00000| PB 0x0000000088c00000| Complete |  0
| 111|0x0000000088d00000, 0x0000000088e00000, 0x0000000088e00000|100%| E|CS|TAMS 0x0000000088d00000| PB 0x0000000088d00000| Complete |  0
| 112|0x0000000088e00000, 0x0000000088f00000, 0x0000000088f00000|100%| E|CS|TAMS 0x0000000088e00000| PB 0x0000000088e00000| Complete |  0
| 113|0x0000000088f00000, 0x0000000089000000, 0x0000000089000000|100%| E|CS|TAMS 0x0000000088f00000| PB 0x0000000088f00000| Complete |  0
| 114|0x0000000089000000, 0x0000000089100000, 0x0000000089100000|100%| E|CS|TAMS 0x0000000089000000| PB 0x0000000089000000| Complete |  0
| 115|0x0000000089100000, 0x0000000089200000, 0x0000000089200000|100%| E|CS|TAMS 0x0000000089100000| PB 0x0000000089100000| Complete |  0
| 116|0x0000000089200000, 0x0000000089300000, 0x0000000089300000|100%| E|CS|TAMS 0x0000000089200000| PB 0x0000000089200000| Complete |  0
| 117|0x0000000089300000, 0x0000000089400000, 0x0000000089400000|100%| E|CS|TAMS 0x0000000089300000| PB 0x0000000089300000| Complete |  0
| 118|0x0000000089400000, 0x0000000089500000, 0x0000000089500000|100%| E|CS|TAMS 0x0000000089400000| PB 0x0000000089400000| Complete |  0
| 119|0x0000000089500000, 0x0000000089600000, 0x0000000089600000|100%| E|CS|TAMS 0x0000000089500000| PB 0x0000000089500000| Complete |  0
| 120|0x0000000089600000, 0x0000000089700000, 0x0000000089700000|100%| E|CS|TAMS 0x0000000089600000| PB 0x0000000089600000| Complete |  0
| 121|0x0000000089700000, 0x0000000089800000, 0x0000000089800000|100%| E|CS|TAMS 0x0000000089700000| PB 0x0000000089700000| Complete |  0
| 122|0x0000000089800000, 0x0000000089900000, 0x0000000089900000|100%| E|CS|TAMS 0x0000000089800000| PB 0x0000000089800000| Complete |  0
| 123|0x0000000089900000, 0x0000000089a00000, 0x0000000089a00000|100%| E|CS|TAMS 0x0000000089900000| PB 0x0000000089900000| Complete |  0
| 124|0x0000000089a00000, 0x0000000089b00000, 0x0000000089b00000|100%| E|CS|TAMS 0x0000000089a00000| PB 0x0000000089a00000| Complete |  0
| 125|0x0000000089b00000, 0x0000000089c00000, 0x0000000089c00000|100%| E|CS|TAMS 0x0000000089b00000| PB 0x0000000089b00000| Complete |  0
| 126|0x0000000089c00000, 0x0000000089d00000, 0x0000000089d00000|100%| E|CS|TAMS 0x0000000089c00000| PB 0x0000000089c00000| Complete |  0
| 127|0x0000000089d00000, 0x0000000089e00000, 0x0000000089e00000|100%| E|CS|TAMS 0x0000000089d00000| PB 0x0000000089d00000| Complete |  0

Card table byte_map: [0x00000198bdee0000,0x00000198be2e0000] _byte_map_base: 0x00000198bdad1000

Marking Bits: (CMBitMap*) 0x00000198a67ed390
 Bits: [0x00000198be2e0000, 0x00000198c0268000)

Polling page: 0x00000198a4710000

Metaspace:

Usage:
  Non-class:     13.51 MB used.
      Class:      1.80 MB used.
       Both:     15.31 MB used.

Virtual space:
  Non-class space:       64.00 MB reserved,      13.62 MB ( 21%) committed,  1 nodes.
      Class space:        1.00 GB reserved,       1.94 MB ( <1%) committed,  1 nodes.
             Both:        1.06 GB reserved,      15.56 MB (  1%) committed. 

Chunk freelists:
   Non-Class:  1.94 MB
       Class:  13.92 MB
        Both:  15.86 MB

MaxMetaspaceSize: unlimited
CompressedClassSpaceSize: 1.00 GB
Initial GC threshold: 21.00 MB
Current GC threshold: 21.00 MB
CDS: on
 - commit_granule_bytes: 65536.
 - commit_granule_words: 8192.
 - virtual_space_node_default_size: 8388608.
 - enlarge_chunks_in_place: 1.
 - use_allocation_guard: 0.


Internal statistics:

num_allocs_failed_limit: 0.
num_arena_births: 144.
num_arena_deaths: 0.
num_vsnodes_births: 2.
num_vsnodes_deaths: 0.
num_space_committed: 249.
num_space_uncommitted: 0.
num_chunks_returned_to_freelist: 0.
num_chunks_taken_from_freelist: 692.
num_chunk_merges: 0.
num_chunk_splits: 471.
num_chunks_enlarged: 374.
num_inconsistent_stats: 0.

CodeHeap 'non-profiled nmethods': size=120000Kb used=2052Kb max_used=2052Kb free=117947Kb
 bounds [0x00000198b65b0000, 0x00000198b6820000, 0x00000198bdae0000]
CodeHeap 'profiled nmethods': size=120000Kb used=8961Kb max_used=8961Kb free=111038Kb
 bounds [0x00000198aeae0000, 0x00000198af3b0000, 0x00000198b6010000]
CodeHeap 'non-nmethods': size=5760Kb used=1397Kb max_used=1473Kb free=4362Kb
 bounds [0x00000198b6010000, 0x00000198b6280000, 0x00000198b65b0000]
 total_blobs=4850 nmethods=4360 adapters=394
 compilation: enabled
              stopped_count=0, restarted_count=0
 full_count=0

Compilation events (20 events):
Event: 26.704 Thread 0x00000198c2754120 nmethod 4361 0x00000198b67af010 code [0x00000198b67af1a0, 0x00000198b67af3b0]
Event: 26.708 Thread 0x00000198c2772630 4363       3       jdk.internal.misc.InternalLock::newLockOrNull (18 bytes)
Event: 26.709 Thread 0x00000198c2772630 nmethod 4363 0x00000198af395c10 code [0x00000198af395e00, 0x00000198af396430]
Event: 26.709 Thread 0x00000198c2772630 4364 %     3       java.lang.StringUTF16::inflate @ 10 (42 bytes)
Event: 26.709 Thread 0x00000198c2772630 nmethod 4364% 0x00000198af396690 code [0x00000198af396880, 0x00000198af396da8]
Event: 26.709 Thread 0x00000198c2772630 4365       3       java.lang.StringUTF16::inflate (42 bytes)
Event: 26.710 Thread 0x00000198c2754120 4366       4       java.lang.String::decodeUTF8_UTF16 (624 bytes)
Event: 26.710 Thread 0x00000198c2772630 nmethod 4365 0x00000198af397010 code [0x00000198af3971e0, 0x00000198af397618]
Event: 26.710 Thread 0x00000198c2772630 4367       3       org.codehaus.plexus.util.xml.pull.MXParser::parseProlog (702 bytes)
Event: 26.714 Thread 0x00000198c2772630 nmethod 4367 0x00000198af397890 code [0x00000198af397e60, 0x00000198af39a5f0]
Event: 26.729 Thread 0x00000198c2754120 nmethod 4366 0x00000198b67af510 code [0x00000198b67af7a0, 0x00000198b67b04c8]
Event: 26.730 Thread 0x00000198c2754120 4368       4       org.apache.maven.model.interpolation.StringVisitorModelInterpolator$ModelVisitor::visit (231 bytes)
Event: 26.741 Thread 0x00000198c2772630 4369   !   3       org.apache.maven.model.BuildBase::clone (211 bytes)
Event: 26.743 Thread 0x00000198c2772630 nmethod 4369 0x00000198af39b390 code [0x00000198af39b7a0, 0x00000198af39d528]
Event: 26.763 Thread 0x00000198c2772630 4370   !   3       org.apache.maven.model.PluginConfiguration::clone (69 bytes)
Event: 26.763 Thread 0x00000198c2772630 nmethod 4370 0x00000198af39e190 code [0x00000198af39e420, 0x00000198af39eef0]
Event: 26.764 Thread 0x00000198c2772630 4371       1       org.apache.maven.model.building.ModelCacheTag$2::getType (3 bytes)
Event: 26.764 Thread 0x00000198c2772630 nmethod 4371 0x00000198b67b0e10 code [0x00000198b67b0fa0, 0x00000198b67b1070]
Event: 26.811 Thread 0x00000198c2772630 4372       3       java.io.BufferedInputStream::<init> (68 bytes)
Event: 26.813 Thread 0x00000198c2772630 nmethod 4372 0x00000198af39f390 code [0x00000198af39f5e0, 0x00000198af3a0180]

GC Heap History (6 events):
Event: 9.474 GC heap before
{Heap before GC invocations=0 (full 0):
 garbage-first heap   total reserved 2066432K, committed 131072K, used 14336K [0x0000000081e00000, 0x0000000100000000)
  region size 1024K, 14 young (14336K), 0 survivors (0K)
 Metaspace       used 3676K, committed 3904K, reserved 1114112K
  class space    used 383K, committed 512K, reserved 1048576K
}
Event: 9.509 GC heap after
{Heap after GC invocations=1 (full 0):
 garbage-first heap   total reserved 2066432K, committed 131072K, used 3327K [0x0000000081e00000, 0x0000000100000000)
  region size 1024K, 2 young (2048K), 2 survivors (2048K)
 Metaspace       used 3676K, committed 3904K, reserved 1114112K
  class space    used 383K, committed 512K, reserved 1048576K
}
Event: 10.265 GC heap before
{Heap before GC invocations=1 (full 0):
 garbage-first heap   total reserved 2066432K, committed 131072K, used 18687K [0x0000000081e00000, 0x0000000100000000)
  region size 1024K, 18 young (18432K), 2 survivors (2048K)
 Metaspace       used 6023K, committed 6208K, reserved 1114112K
  class space    used 719K, committed 832K, reserved 1048576K
}
Event: 10.271 GC heap after
{Heap after GC invocations=2 (full 0):
 garbage-first heap   total reserved 2066432K, committed 131072K, used 4383K [0x0000000081e00000, 0x0000000100000000)
  region size 1024K, 1 young (1024K), 1 survivors (1024K)
 Metaspace       used 6023K, committed 6208K, reserved 1114112K
  class space    used 719K, committed 832K, reserved 1048576K
}
Event: 15.756 GC heap before
{Heap before GC invocations=2 (full 0):
 garbage-first heap   total reserved 2066432K, committed 131072K, used 80159K [0x0000000081e00000, 0x0000000100000000)
  region size 1024K, 76 young (77824K), 1 survivors (1024K)
 Metaspace       used 15126K, committed 15296K, reserved 1114112K
  class space    used 1837K, committed 1920K, reserved 1048576K
}
Event: 15.777 GC heap after
{Heap after GC invocations=3 (full 0):
 garbage-first heap   total reserved 2066432K, committed 131072K, used 12494K [0x0000000081e00000, 0x0000000100000000)
  region size 1024K, 9 young (9216K), 9 survivors (9216K)
 Metaspace       used 15126K, committed 15296K, reserved 1114112K
  class space    used 1837K, committed 1920K, reserved 1048576K
}

Dll operation events (8 events):
Event: 0.083 Loaded shared library C:\Program Files\Java\jdk-22\bin\java.dll
Event: 0.434 Loaded shared library C:\Program Files\Java\jdk-22\bin\jsvml.dll
Event: 0.630 Loaded shared library C:\Program Files\Java\jdk-22\bin\net.dll
Event: 0.761 Loaded shared library C:\Program Files\Java\jdk-22\bin\nio.dll
Event: 0.944 Loaded shared library C:\Program Files\Java\jdk-22\bin\zip.dll
Event: 5.059 Loaded shared library C:\Users\Hp\.m2\wrapper\dists\apache-maven-3.9.15\0226a00282e400185496f3b60ec5a3f029cbdc6893912937d4876d57695224e1\lib\jansi-native\Windows\x86_64\jansi.dll
Event: 5.085 Loaded shared library C:\Program Files\Java\jdk-22\bin\verify.dll
Event: 5.172 Loaded shared library C:\Program Files\Java\jdk-22\bin\jimage.dll

Deoptimization events (20 events):
Event: 25.023 Thread 0x00000198a45b2150 Uncommon trap: trap_request=0xffffffbe fr.pc=0x00000198b67a6894 relative=0x0000000000000c94
Event: 25.023 Thread 0x00000198a45b2150 Uncommon trap: reason=profile_predicate action=maybe_recompile pc=0x00000198b67a6894 method=java.util.regex.Pattern$CharPropertyGreedy.match(Ljava/util/regex/Matcher;ILjava/lang/CharSequence;)Z @ 103 c2
Event: 25.023 Thread 0x00000198a45b2150 DEOPT PACKING pc=0x00000198b67a6894 sp=0x00000015734fd100
Event: 25.023 Thread 0x00000198a45b2150 DEOPT UNPACKING pc=0x00000198b60646a2 sp=0x00000015734fd090 mode 2
Event: 25.051 Thread 0x00000198a45b2150 Uncommon trap: trap_request=0xffffffbe fr.pc=0x00000198b67a6894 relative=0x0000000000000c94
Event: 25.051 Thread 0x00000198a45b2150 Uncommon trap: reason=profile_predicate action=maybe_recompile pc=0x00000198b67a6894 method=java.util.regex.Pattern$CharPropertyGreedy.match(Ljava/util/regex/Matcher;ILjava/lang/CharSequence;)Z @ 103 c2
Event: 25.051 Thread 0x00000198a45b2150 DEOPT PACKING pc=0x00000198b67a6894 sp=0x00000015734fd150
Event: 25.051 Thread 0x00000198a45b2150 DEOPT UNPACKING pc=0x00000198b60646a2 sp=0x00000015734fd0e0 mode 2
Event: 25.297 Thread 0x00000198a45b2150 Uncommon trap: trap_request=0xffffffbe fr.pc=0x00000198b6761e9c relative=0x0000000000000c1c
Event: 25.299 Thread 0x00000198a45b2150 Uncommon trap: reason=profile_predicate action=maybe_recompile pc=0x00000198b6761e9c method=java.util.regex.Pattern$CharPropertyGreedy.match(Ljava/util/regex/Matcher;ILjava/lang/CharSequence;)Z @ 12 c2
Event: 25.299 Thread 0x00000198a45b2150 DEOPT PACKING pc=0x00000198b6761e9c sp=0x00000015734fd560
Event: 25.299 Thread 0x00000198a45b2150 DEOPT UNPACKING pc=0x00000198b60646a2 sp=0x00000015734fd520 mode 2
Event: 25.896 Thread 0x00000198a45b2150 Uncommon trap: trap_request=0xffffff45 fr.pc=0x00000198b6788c14 relative=0x0000000000000254
Event: 25.896 Thread 0x00000198a45b2150 Uncommon trap: reason=unstable_if action=reinterpret pc=0x00000198b6788c14 method=org.codehaus.plexus.util.xml.pull.MXParser.printable(I)Ljava/lang/String; @ 23 c2
Event: 25.896 Thread 0x00000198a45b2150 DEOPT PACKING pc=0x00000198b6788c14 sp=0x00000015734fd360
Event: 25.896 Thread 0x00000198a45b2150 DEOPT UNPACKING pc=0x00000198b60646a2 sp=0x00000015734fd310 mode 2
Event: 26.493 Thread 0x00000198a45b2150 DEOPT PACKING pc=0x00000198aeb2510a sp=0x00000015734fcd20
Event: 26.493 Thread 0x00000198a45b2150 DEOPT UNPACKING pc=0x00000198b6064e42 sp=0x00000015734fc200 mode 0
Event: 26.710 Thread 0x00000198a45b2150 DEOPT PACKING pc=0x00000198af1147de sp=0x00000015734fcce0
Event: 26.710 Thread 0x00000198a45b2150 DEOPT UNPACKING pc=0x00000198b6064e42 sp=0x00000015734fc210 mode 0

Classes loaded (20 events):
Event: 13.529 Loading class java/util/StringTokenizer
Event: 13.530 Loading class java/util/StringTokenizer done
Event: 13.566 Loading class sun/invoke/util/ValueConversions$1
Event: 13.566 Loading class sun/invoke/util/ValueConversions$1 done
Event: 13.567 Loading class java/lang/invoke/BoundMethodHandle$Species_LI
Event: 13.567 Loading class java/lang/invoke/BoundMethodHandle$Species_LI done
Event: 13.714 Loading class java/util/stream/Streams$RangeIntSpliterator
Event: 13.715 Loading class java/util/stream/Streams$RangeIntSpliterator done
Event: 14.841 Loading class java/util/stream/MatchOps$MatchKind
Event: 14.842 Loading class java/util/stream/MatchOps$MatchKind done
Event: 14.842 Loading class java/util/stream/MatchOps
Event: 14.842 Loading class java/util/stream/MatchOps done
Event: 14.842 Loading class java/util/stream/MatchOps$MatchOp
Event: 14.843 Loading class java/util/stream/MatchOps$MatchOp done
Event: 14.843 Loading class java/util/stream/MatchOps$BooleanTerminalSink
Event: 14.843 Loading class java/util/stream/MatchOps$BooleanTerminalSink done
Event: 14.857 Loading class java/util/stream/MatchOps$1MatchSink
Event: 14.857 Loading class java/util/stream/MatchOps$1MatchSink done
Event: 18.346 Loading class sun/nio/cs/ISO_8859_1$Decoder
Event: 18.395 Loading class sun/nio/cs/ISO_8859_1$Decoder done

Classes unloaded (0 events):
No events

Classes redefined (0 events):
No events

Internal exceptions (20 events):
Event: 9.848 Thread 0x00000198a45b2150 Exception <a 'java/lang/NoSuchMethodError'{0x0000000089874318}: 'int java.lang.invoke.DirectMethodHandle$Holder.invokeStaticInit(java.lang.Object, java.lang.Object)'> (0x0000000089874318) 
thrown [s\open\src\hotspot\share\interpreter\linkResolver.cpp, line 774]
Event: 9.860 Thread 0x00000198a45b2150 Exception <a 'java/lang/NoClassDefFoundError'{0x00000000898ad7c8}: javax/enterprise/inject/Typed> (0x00000000898ad7c8) 
thrown [s\open\src\hotspot\share\classfile\systemDictionary.cpp, line 302]
Event: 11.840 Thread 0x00000198a45b2150 Exception <a 'java/lang/NoSuchMethodError'{0x00000000880ac008}: 'void java.lang.invoke.DirectMethodHandle$Holder.invokeStaticInit(java.lang.Object, java.lang.Object, java.lang.Object)'> (0x00000000880ac008) 
thrown [s\open\src\hotspot\share\interpreter\linkResolver.cpp, line 774]
Event: 11.866 Thread 0x00000198a45b2150 Implicit null exception at 0x00000198b664423a to 0x00000198b6644438
Event: 11.873 Thread 0x00000198a45b2150 Exception <a 'java/lang/NoSuchMethodError'{0x0000000087f1ff80}: 'java.lang.Object java.lang.invoke.Invokers$Holder.invokeExact_MT(java.lang.Object, int, java.lang.Object)'> (0x0000000087f1ff80) 
thrown [s\open\src\hotspot\share\interpreter\linkResolver.cpp, line 774]
Event: 12.588 Thread 0x00000198a45b2150 Exception <a 'java/lang/NoSuchMethodError'{0x00000000877798f0}: 'void java.lang.invoke.Invokers$Holder.invokeExact_MT(java.lang.Object, java.lang.Object, java.lang.Object, java.lang.Object)'> (0x00000000877798f0) 
thrown [s\open\src\hotspot\share\interpreter\linkResolver.cpp, line 774]
Event: 12.651 Thread 0x00000198a45b2150 Exception <a 'java/lang/NoClassDefFoundError'{0x0000000087614140}: com/google/inject/servlet/ServletModuleTargetVisitor> (0x0000000087614140) 
thrown [s\open\src\hotspot\share\classfile\systemDictionary.cpp, line 302]
Event: 13.074 Thread 0x00000198a45b2150 Exception <a 'java/lang/NoSuchMethodError'{0x0000000087474d68}: 'java.lang.Object java.lang.invoke.DirectMethodHandle$Holder.invokeStaticInit(java.lang.Object, int, int, int, int)'> (0x0000000087474d68) 
thrown [s\open\src\hotspot\share\interpreter\linkResolver.cpp, line 774]
Event: 13.325 Thread 0x00000198a45b2150 Implicit null exception at 0x00000198b65da224 to 0x00000198b65da8bc
Event: 13.325 Thread 0x00000198a45b2150 Implicit null exception at 0x00000198b65d6c20 to 0x00000198b65d7294
Event: 13.407 Thread 0x00000198a45b2150 Exception <a 'java/lang/NoSuchMethodError'{0x00000000870b84f0}: 'void java.lang.invoke.DirectMethodHandle$Holder.invokeSpecial(java.lang.Object, java.lang.Object, java.lang.Object, java.lang.Object, java.lang.Object)'> (0x00000000870b84f0) 
thrown [s\open\src\hotspot\share\interpreter\linkResolver.cpp, line 774]
Event: 13.411 Thread 0x00000198a45b2150 Exception <a 'java/lang/NoSuchMethodError'{0x00000000870d2f98}: 'void java.lang.invoke.DirectMethodHandle$Holder.invokeSpecial(java.lang.Object, java.lang.Object, java.lang.Object, java.lang.Object, java.lang.Object, java.lang.Object)'> (0x00000000870d2f98) 
thrown [s\open\src\hotspot\share\interpreter\linkResolver.cpp, line 774]
Event: 13.450 Thread 0x00000198a45b2150 Exception <a 'java/lang/NoSuchMethodError'{0x0000000086fd0970}: 'java.lang.Object java.lang.invoke.DirectMethodHandle$Holder.invokeVirtual(java.lang.Object, java.lang.Object, java.lang.Object)'> (0x0000000086fd0970) 
thrown [s\open\src\hotspot\share\interpreter\linkResolver.cpp, line 774]
Event: 13.559 Thread 0x00000198a45b2150 Exception <a 'java/lang/NoSuchMethodError'{0x0000000086dbad00}: 'void java.lang.invoke.DirectMethodHandle$Holder.invokeVirtual(java.lang.Object, java.lang.Object, int)'> (0x0000000086dbad00) 
thrown [s\open\src\hotspot\share\interpreter\linkResolver.cpp, line 774]
Event: 13.566 Thread 0x00000198a45b2150 Exception <a 'java/lang/NoSuchMethodError'{0x0000000086dbefe8}: 'int java.lang.invoke.DirectMethodHandle$Holder.invokeSpecial(java.lang.Object, java.lang.Object, java.lang.Object, int)'> (0x0000000086dbefe8) 
thrown [s\open\src\hotspot\share\interpreter\linkResolver.cpp, line 774]
Event: 13.570 Thread 0x00000198a45b2150 Exception <a 'java/lang/NoSuchMethodError'{0x0000000086dd19f0}: 'java.lang.Object java.lang.invoke.DirectMethodHandle$Holder.invokeStatic(java.lang.Object, java.lang.Object, java.lang.Object, java.lang.Object, int)'> (0x0000000086dd19f0) 
thrown [s\open\src\hotspot\share\interpreter\linkResolver.cpp, line 774]
Event: 13.571 Thread 0x00000198a45b2150 Exception <a 'java/lang/NoSuchMethodError'{0x0000000086dd99a0}: 'void java.lang.invoke.DirectMethodHandle$Holder.invokeSpecial(java.lang.Object, java.lang.Object, java.lang.Object, int)'> (0x0000000086dd99a0) 
thrown [s\open\src\hotspot\share\interpreter\linkResolver.cpp, line 774]
Event: 13.572 Thread 0x00000198a45b2150 Exception <a 'java/lang/NoSuchMethodError'{0x0000000086ddd070}: 'void java.lang.invoke.DelegatingMethodHandle$Holder.reinvoke_L(java.lang.Object, java.lang.Object, int)'> (0x0000000086ddd070) 
thrown [s\open\src\hotspot\share\interpreter\linkResolver.cpp, line 774]
Event: 15.158 Thread 0x00000198a45b2150 Exception <a 'java/lang/NoSuchMethodError'{0x00000000853328e0}: 'void java.lang.invoke.DirectMethodHandle$Holder.invokeStatic(java.lang.Object, java.lang.Object, java.lang.Object, java.lang.Object)'> (0x00000000853328e0) 
thrown [s\open\src\hotspot\share\interpreter\linkResolver.cpp, line 774]
Event: 15.237 Thread 0x00000198a45b2150 Exception <a 'java/lang/NoSuchMethodError'{0x000000008534c3e8}: 'int java.lang.invoke.DirectMethodHandle$Holder.invokeSpecialIFC(java.lang.Object, java.lang.Object, java.lang.Object, java.lang.Object)'> (0x000000008534c3e8) 
thrown [s\open\src\hotspot\share\interpreter\linkResolver.cpp, line 774]

ZGC Phase Switch (0 events):
No events

VM Operations (20 events):
Event: 16.784 Executing VM operation: Cleanup
Event: 16.784 Executing VM operation: Cleanup done
Event: 17.792 Executing VM operation: Cleanup
Event: 17.792 Executing VM operation: Cleanup done
Event: 18.796 Executing VM operation: Cleanup
Event: 18.922 Executing VM operation: Cleanup done
Event: 19.923 Executing VM operation: Cleanup
Event: 19.923 Executing VM operation: Cleanup done
Event: 20.927 Executing VM operation: Cleanup
Event: 20.927 Executing VM operation: Cleanup done
Event: 21.937 Executing VM operation: Cleanup
Event: 21.937 Executing VM operation: Cleanup done
Event: 22.940 Executing VM operation: Cleanup
Event: 22.940 Executing VM operation: Cleanup done
Event: 23.945 Executing VM operation: Cleanup
Event: 23.992 Executing VM operation: Cleanup done
Event: 25.001 Executing VM operation: Cleanup
Event: 25.001 Executing VM operation: Cleanup done
Event: 26.002 Executing VM operation: Cleanup
Event: 26.002 Executing VM operation: Cleanup done

Events (13 events):
Event: 0.290 Thread 0x00000198a45b2150 Thread added: 0x00000198a45b2150
Event: 0.391 Thread 0x00000198c274a760 Thread added: 0x00000198c274a760
Event: 0.391 Thread 0x00000198c274d740 Thread added: 0x00000198c274d740
Event: 0.391 Thread 0x00000198c2751470 Thread added: 0x00000198c2751470
Event: 0.391 Thread 0x00000198c2751ed0 Thread added: 0x00000198c2751ed0
Event: 0.391 Thread 0x00000198c2752930 Thread added: 0x00000198c2752930
Event: 0.392 Thread 0x00000198c2753390 Thread added: 0x00000198c2753390
Event: 0.392 Thread 0x00000198c2754120 Thread added: 0x00000198c2754120
Event: 0.406 Thread 0x00000198c2772630 Thread added: 0x00000198c2772630
Event: 0.489 Thread 0x00000198c2972690 Thread added: 0x00000198c2972690
Event: 0.550 Thread 0x00000198c297b540 Thread added: 0x00000198c297b540
Event: 5.051 Thread 0x00000198c2c59220 Thread added: 0x00000198c2c59220
Event: 9.586 Thread 0x00000198c2c59220 Thread exited: 0x00000198c2c59220


Dynamic libraries:
0x00007ff7f4f60000 - 0x00007ff7f4f70000 	C:\Program Files\Java\jdk-22\bin\java.exe
0x00007fff98830000 - 0x00007fff98a29000 	C:\Windows\SYSTEM32\ntdll.dll
0x00007fff97730000 - 0x00007fff977f2000 	C:\Windows\System32\KERNEL32.DLL
0x00007fff96010000 - 0x00007fff96307000 	C:\Windows\System32\KERNELBASE.dll
0x00007fff96530000 - 0x00007fff96630000 	C:\Windows\System32\ucrtbase.dll
0x00007fff83aa0000 - 0x00007fff83ab7000 	C:\Program Files\Java\jdk-22\bin\jli.dll
0x00007fff98360000 - 0x00007fff98412000 	C:\Windows\System32\ADVAPI32.dll
0x00007fff97030000 - 0x00007fff970ce000 	C:\Windows\System32\msvcrt.dll
0x00007fff979b0000 - 0x00007fff97a50000 	C:\Windows\System32\sechost.dll
0x00007fff98230000 - 0x00007fff98356000 	C:\Windows\System32\RPCRT4.dll
0x00007fff95ea0000 - 0x00007fff95ec7000 	C:\Windows\System32\bcrypt.dll
0x00007fff97130000 - 0x00007fff972cd000 	C:\Windows\System32\USER32.dll
0x00007fff95ed0000 - 0x00007fff95ef2000 	C:\Windows\System32\win32u.dll
0x00007fff96cb0000 - 0x00007fff96cdb000 	C:\Windows\System32\GDI32.dll
0x00007fff96410000 - 0x00007fff9652a000 	C:\Windows\System32\gdi32full.dll
0x00007fff96630000 - 0x00007fff966cd000 	C:\Windows\System32\msvcp_win.dll
0x00007fff6b3e0000 - 0x00007fff6b3fb000 	C:\Program Files\Java\jdk-22\bin\VCRUNTIME140.dll
0x00007fff7f550000 - 0x00007fff7f7eb000 	C:\Windows\WinSxS\amd64_microsoft.windows.common-controls_6595b64144ccf1df_6.0.19041.7663_none_60b9ed0b71f50c93\COMCTL32.dll
0x00007fff8c290000 - 0x00007fff8c29a000 	C:\Windows\SYSTEM32\VERSION.dll
0x00007fff96ff0000 - 0x00007fff9701f000 	C:\Windows\System32\IMM32.DLL
0x00007fff6d670000 - 0x00007fff6d67c000 	C:\Program Files\Java\jdk-22\bin\vcruntime140_1.dll
0x00007fff5e580000 - 0x00007fff5e60e000 	C:\Program Files\Java\jdk-22\bin\msvcp140.dll
0x00007ffebd280000 - 0x00007ffebdfc7000 	C:\Program Files\Java\jdk-22\bin\server\jvm.dll
0x00007fff97610000 - 0x00007fff9767b000 	C:\Windows\System32\WS2_32.dll
0x00007fff95cf0000 - 0x00007fff95d3b000 	C:\Windows\SYSTEM32\POWRPROF.dll
0x00007fff7f7f0000 - 0x00007fff7f817000 	C:\Windows\SYSTEM32\WINMM.dll
0x00007fff95cd0000 - 0x00007fff95ce2000 	C:\Windows\SYSTEM32\UMPDC.dll
0x00007fff94670000 - 0x00007fff94682000 	C:\Windows\SYSTEM32\kernel.appcore.dll
0x00007fff6c120000 - 0x00007fff6c12a000 	C:\Program Files\Java\jdk-22\bin\jimage.dll
0x00007fff90b60000 - 0x00007fff90d61000 	C:\Windows\SYSTEM32\DBGHELP.DLL
0x00007fff7db30000 - 0x00007fff7db64000 	C:\Windows\SYSTEM32\dbgcore.DLL
0x00007fff95f00000 - 0x00007fff95f82000 	C:\Windows\System32\bcryptPrimitives.dll
0x00007fff5e560000 - 0x00007fff5e57e000 	C:\Program Files\Java\jdk-22\bin\java.dll
0x00007fff97ab0000 - 0x00007fff98221000 	C:\Windows\System32\SHELL32.dll
0x00007fff973d0000 - 0x00007fff974fb000 	C:\Windows\System32\ole32.dll
0x00007fff98490000 - 0x00007fff987e3000 	C:\Windows\System32\combase.dll
0x00007fff90e50000 - 0x00007fff915fc000 	C:\Windows\SYSTEM32\windows.storage.dll
0x00007fff95710000 - 0x00007fff9573b000 	C:\Windows\SYSTEM32\Wldp.dll
0x00007fff972f0000 - 0x00007fff973c6000 	C:\Windows\System32\OLEAUT32.dll
0x00007fff96ee0000 - 0x00007fff96f8d000 	C:\Windows\System32\SHCORE.dll
0x00007fff97a50000 - 0x00007fff97aab000 	C:\Windows\System32\shlwapi.dll
0x00007fff95dc0000 - 0x00007fff95de5000 	C:\Windows\SYSTEM32\profapi.dll
0x00007fff4dfd0000 - 0x00007fff4e0a7000 	C:\Program Files\Java\jdk-22\bin\jsvml.dll
0x00007fff6b6f0000 - 0x00007fff6b700000 	C:\Program Files\Java\jdk-22\bin\net.dll
0x00007fff954c0000 - 0x00007fff9552a000 	C:\Windows\system32\mswsock.dll
0x00007fff5e4d0000 - 0x00007fff5e4e6000 	C:\Program Files\Java\jdk-22\bin\nio.dll
0x00007fff5cf00000 - 0x00007fff5cf17000 	C:\Program Files\Java\jdk-22\bin\zip.dll
0x00007fff5e530000 - 0x00007fff5e554000 	C:\Users\Hp\.m2\wrapper\dists\apache-maven-3.9.15\0226a00282e400185496f3b60ec5a3f029cbdc6893912937d4876d57695224e1\lib\jansi-native\Windows\x86_64\jansi.dll
0x00007fff6a650000 - 0x00007fff6a660000 	C:\Program Files\Java\jdk-22\bin\verify.dll

dbghelp: loaded successfully - version: 4.0.5 - missing functions: none
symbol engine: initialized successfully - sym options: 0x614 - pdb path: .;C:\Program Files\Java\jdk-22\bin;C:\Windows\SYSTEM32;C:\Windows\WinSxS\amd64_microsoft.windows.common-controls_6595b64144ccf1df_6.0.19041.7663_none_60b9ed0b71f50c93;C:\Program Files\Java\jdk-22\bin\server;C:\Users\Hp\.m2\wrapper\dists\apache-maven-3.9.15\0226a00282e400185496f3b60ec5a3f029cbdc6893912937d4876d57695224e1\lib\jansi-native\Windows\x86_64

VM Arguments:
jvm_args: --enable-native-access=ALL-UNNAMED -Dclassworlds.conf=C:\Users\Hp\.m2\wrapper\dists\apache-maven-3.9.15\0226a00282e400185496f3b60ec5a3f029cbdc6893912937d4876d57695224e1\bin\m2.conf -Dmaven.home=C:\Users\Hp\.m2\wrapper\dists\apache-maven-3.9.15\0226a00282e400185496f3b60ec5a3f029cbdc6893912937d4876d57695224e1 -Dlibrary.jansi.path=C:\Users\Hp\.m2\wrapper\dists\apache-maven-3.9.15\0226a00282e400185496f3b60ec5a3f029cbdc6893912937d4876d57695224e1\lib\jansi-native -Dmaven.multiModuleProjectDirectory=C:\PROJECT\projet-innov\back-office-solimus 
java_command: org.codehaus.plexus.classworlds.launcher.Launcher -q compile
java_class_path (initial): C:\Users\Hp\.m2\wrapper\dists\apache-maven-3.9.15\0226a00282e400185496f3b60ec5a3f029cbdc6893912937d4876d57695224e1\boot\plexus-classworlds-2.9.0.jar
Launcher Type: SUN_STANDARD

[Global flags]
     intx CICompilerCount                          = 3                                         {product} {ergonomic}
     uint ConcGCThreads                            = 1                                         {product} {ergonomic}
     uint G1ConcRefinementThreads                  = 4                                         {product} {ergonomic}
   size_t G1HeapRegionSize                         = 1048576                                   {product} {ergonomic}
   size_t InitialHeapSize                          = 134217728                                 {product} {ergonomic}
   size_t MarkStackSize                            = 4194304                                   {product} {ergonomic}
   size_t MaxHeapSize                              = 2116026368                                {product} {ergonomic}
   size_t MaxNewSize                               = 1268776960                                {product} {ergonomic}
   size_t MinHeapDeltaBytes                        = 1048576                                   {product} {ergonomic}
   size_t MinHeapSize                              = 8388608                                   {product} {ergonomic}
    uintx NonNMethodCodeHeapSize                   = 5832780                                {pd product} {ergonomic}
    uintx NonProfiledCodeHeapSize                  = 122912730                              {pd product} {ergonomic}
    uintx ProfiledCodeHeapSize                     = 122912730                              {pd product} {ergonomic}
    uintx ReservedCodeCacheSize                    = 251658240                              {pd product} {ergonomic}
     bool SegmentedCodeCache                       = true                                      {product} {ergonomic}
   size_t SoftMaxHeapSize                          = 2116026368                             {manageable} {ergonomic}
     bool UseCompressedOops                        = true                           {product lp64_product} {ergonomic}
     bool UseG1GC                                  = true                                      {product} {ergonomic}
     bool UseLargePagesIndividualAllocation        = false                                  {pd product} {ergonomic}

Logging:
Log output configuration:
 #0: stdout all=warning uptime,level,tags foldmultilines=false
 #1: stderr all=off uptime,level,tags foldmultilines=false

Environment Variables:
JAVA_HOME=C:\Program Files\Java\jdk-22
PATH=C:\Users\Hp\bin;C:\Program Files\Git\mingw64\bin;C:\Program Files\Git\usr\local\bin;C:\Program Files\Git\usr\bin;C:\Program Files\Git\usr\bin;C:\Program Files\Git\mingw64\bin;C:\Program Files\Git\usr\bin;C:\Users\Hp\bin;C:\Users\Hp\AppData\Local\Programs\cursor\resources\app\bin;C:\Windows\system32;C:\Windows;C:\Windows\System32\Wbem;C:\Windows\System32\WindowsPowerShell\v1.0;C:\Windows\System32\OpenSSH;C:\Users\Hp\AppData\Roaming\npm;C:\wamp64\bin\php\php8.0.30;C:\ProgramData\ComposerSetup\bin;C:\Program Files\php8.4.4;C:\Users\Hp\AppData\Local\Programs\Python\Python312\Scripts;C:\Users\Hp\AppData\Local\Programs\Python\Python312;C:\Program Files\Python\Python312\Scripts;C:\Program Files\Python\Python312;C:\Users\Hp\AppData\Local\Microsoft\WindowsApps;C:\Program Files\JetBrains\IntelliJ IDEA 2024.2.2\bin;C:\Users\Hp\AppData\Roaming\npm;C:\Users\Hp\AppData\Roaming\Composer\vendor\bin;C:\Program Files\Java\jdk-22;C:\Program Files\MySQL\MySQL Server 8.2\bin;C:\Program Files\Python 3.12;C:\Program Files\Java\jdk-21.0.3;C:\Program Files\apache-maven-3.9.9;C:\Program Files\apache-maven-3.9.9\bin;C:\Program Files\Git\usr\bin;C:\Program Files\flutter\bin;C:\Users\Hp\flutter\bin;C:\Users\Hp\cmdline-tools\b;C:\Program Files\Docker\Docker\resources\bin;C:\Program Files\nodejs;C:\Program Files\MySQL\MySQL Shell 8.0\bin;C:\Users\Hp\AppData\Local\Programs\Python\Python312\Scripts;C:\Users\Hp\AppData\Local\Programs\Python\Python312;C:\Program Files\Python\Python312\Scripts;C:\Program Files\Python\Python312;C:\Users\Hp\AppData\Local\Microsoft\WindowsApps;C:\Users\Hp\AppData\Local\Programs\Microsoft VS Code\bin;C:\Program Files\JetBrains\IntelliJ IDEA 2024.2.2\bin;C:\Users\Hp\AppData\Roaming\Composer\vendor\bin;C:\Program Files\Java\jdk-22;C:\Program Files\MySQL\MySQL Server 8.2\bin;C:\Program Files\Python 3.12;C:\Program Files\Java\jdk-21.0.3;C:\Program Files\apache-maven-3.9.9;C:\Program Files\apache-maven-3.9.9\bin;C:\Program Files\Git\usr\bin;C:\Program Files\flutter\bin;C:\Users\Hp\flutter\bin;C:\Users\Hp\cmdline-tools\bin;C:\Users\Hp\jdk-17.0.11\bin;C:\Users\Hp\AppData\Local\Pub\Cache\bin;C:\Program Files\Java\jdk-21.0.3\bin;C:\apache-maven-3.9.9;C:\apache-maven-3.9.9\bin;C:\wamp64\bin\php\php8.3.6;C:\Program Files\Java\jdk-22\bin;C:\Users\Hp\AppData\Local\Programs\cursor\resources\app\bin;C:\Users\Hp\AppData\Roaming\npm;C:\Users\Hp\AppData\Local\Programs\Windsurf\bin;C:\Users\Hp\AppData\Local\Programs\Devin\bin;C:\Users\Hp\AppData\Local\Programs\Antigravity\bin;C:\Program Files\Git\usr\bin\vendor_perl;C:\Program Files\Git\usr\bin\core_perl
USERNAME=Hp
SHELL=C:\Program Files\Git\bin\bash.exe
TERM=xterm-256color
OS=Windows_NT
PROCESSOR_IDENTIFIER=Intel64 Family 6 Model 142 Stepping 9, GenuineIntel
TMP=C:\Users\Hp\AppData\Local\Temp
TEMP=C:\Users\Hp\AppData\Local\Temp




Periodic native trim disabled

---------------  S Y S T E M  ---------------

OS:
 Windows 10 , 64 bit Build 19041 (10.0.19041.7663)
OS uptime: 5 days 3:25 hours
Hyper-V role detected

CPU: total 4 (initial active 4) (2 cores per cpu, 2 threads per core) family 6 model 142 stepping 9 microcode 0xf6, cx8, cmov, fxsr, ht, mmx, 3dnowpref, sse, sse2, sse3, ssse3, sse4.1, sse4.2, popcnt, lzcnt, tsc, tscinvbit, avx, avx2, aes, erms, clmul, bmi1, bmi2, rtm, adx, fma, vzeroupper, clflush, clflushopt, hv, rdtscp, f16c
Processor Information for all 4 processors :
  Max Mhz: 2712, Current Mhz: 2611, Mhz Limit: 2603

Memory: 4k page, system-wide physical 8067M (129M free)
TotalPageFile size 28348M (AvailPageFile size 1M)
current process WorkingSet (physical memory assigned to process): 169M, peak: 182M
current process commit charge ("private bytes"): 242M, peak: 255M

vm_info: Java HotSpot(TM) 64-Bit Server VM (22.0.1+8-16) for windows-amd64 JRE (22.0.1+8-16), built on 2024-03-12T10:33:16Z by "mach5one" with MS VC++ 17.6 (VS2022)

END.
